+---------------+------+-------+
| return_period | kind | value |
+---------------+------+-------+
| 120           | mean | 128.5 |
+---------------+------+-------+
| 240           | mean | 515.8 |
+---------------+------+-------+
| 480           | mean | 1_386 |
+---------------+------+-------+
| 960           | mean | 1_923 |
+---------------+------+-------+