#,,,,,,,,,"generated_by='OpenQuake engine 3.12.0-git3c9b16850e', start_date='2021-06-10T07:49:29', checksum=4270381458, investigation_time=1.0, risk_investigation_time=1.0"
asset_id,NAME_1,NAME_2,NAME_3,NAME_4,taxonomy,lon,lat,structural~fatalities,structural~losses
a2568,Mid-Western,Bheri,Bardiya,Royal Bardiya Nation,Adobe,81.51382,28.41117,2.996235E-01,1.133481E+03
a4540,Mid-Western,Karnali,Humla,Limi,Stone-Masonry,81.51382,30.28617,1.861175E-02,7.114496E+01
a7243,Mid-Western,Karnali,Humla,Limi,Unreinforced-Brick-Masonry,81.66382,30.36117,1.675057E-01,8.876945E+02
a2950,Mid-Western,Karnali,Mugu,Dhainakot,Adobe,81.88882,29.61117,2.505527E+00,9.392251E+03
a8381,East,Sagarmatha,Siraha,Chandrodayapur,Unreinforced-Brick-Masonry,86.31382,26.83617,4.595712E+00,2.140600E+04
a400,East,Koshi,Sankhuwasabha,Chepuwa,Wood,87.43882,27.81117,4.667022E-02,3.567291E+02
