#,,,"generated_by='OpenQuake engine 3.12.0-git4bb66c4a29', start_date='2021-09-01T06:28:06', checksum=4270381458, risk_investigation_time=1.0, num_events=16904, effective_time=10000.0, limit_states='moderate complete'"
return_period,conseq_value,conseq_type,loss_type
500,5.39553E+02,fatalities,structural
500,2.08589E+06,losses,structural
