+---------------+------+--------+----------+-------+
| return_period | kind | policy | taxonomy | value |
+---------------+------+--------+----------+-------+
| 240           | mean | A      | RC       | 71.2  |
+---------------+------+--------+----------+-------+
| 480           | mean | A      | RC       | 90.6  |
+---------------+------+--------+----------+-------+
| 960           | mean | A      | RC       | 571.7 |
+---------------+------+--------+----------+-------+