+---------------+-------+--------+----------+-------+
| return_period | kind  | policy | taxonomy | value |
+---------------+-------+--------+----------+-------+
| 240           | rlz-1 | A      | RC       | 142.5 |
+---------------+-------+--------+----------+-------+
| 480           | rlz-1 | A      | RC       | 181.3 |
+---------------+-------+--------+----------+-------+
| 960           | rlz-0 | A      | RC       | 78.4  |
+---------------+-------+--------+----------+-------+
| 960           | rlz-1 | A      | RC       | 1_065 |
+---------------+-------+--------+----------+-------+