#,,,,,,,,"generated_by='OpenQuake engine 3.12.0-gitf29225e790', start_date='2021-04-27T08:33:52', checksum=106596284, kind='rlz-002', investigation_time=50.0"
lon,lat,5e-05~PGA,5e-05~SA(0.05),5e-05~SA(0.1),5e-05~SA(0.2),5e-05~SA(0.5),5e-05~SA(1.0),5e-05~SA(2.0)
6.00000,32.50000,2.654636E-02,4.149947E-02,5.053236E-02,5.329815E-02,3.775612E-02,2.004570E-02,7.858247E-03
7.50000,36.00000,0.000000E+00,0.000000E+00,0.000000E+00,0.000000E+00,0.000000E+00,0.000000E+00,0.000000E+00
