#,,,,,,,,"generated_by='OpenQuake engine 3.12.0-gitf29225e790', start_date='2021-04-27T08:33:52', checksum=106596284, kind='mean', investigation_time=50.0"
lon,lat,5e-05~PGA,5e-05~SA(0.05),5e-05~SA(0.1),5e-05~SA(0.2),5e-05~SA(0.5),5e-05~SA(1.0),5e-05~SA(2.0)
6.00000,32.50000,2.655671E-02,4.146026E-02,5.047379E-02,5.329646E-02,3.783997E-02,2.013174E-02,7.910128E-03
7.50000,36.00000,0.000000E+00,0.000000E+00,0.000000E+00,0.000000E+00,0.000000E+00,0.000000E+00,0.000000E+00
