#,,,,,,,,"generated_by='OpenQuake engine 3.12.0-gitb876224d08', start_date='2021-04-26T12:37:09', checksum=106596284, kind='rlz-001', investigation_time=50.0"
lon,lat,5e-05~PGA,5e-05~SA(0.05),5e-05~SA(0.1),5e-05~SA(0.2),5e-05~SA(0.5),5e-05~SA(1.0),5e-05~SA(2.0)
6.00000,32.50000,2.656725E-02,4.141994E-02,5.041356E-02,5.329471E-02,3.792465E-02,2.021842E-02,7.962385E-03
7.50000,36.00000,0.000000E+00,0.000000E+00,0.000000E+00,0.000000E+00,0.000000E+00,0.000000E+00,0.000000E+00
