#,,,,"generated_by='OpenQuake engine 3.12.0-git67bc686664', start_date='2021-05-14T08:42:59', checksum=676183264, investigation_time=50.0, risk_investigation_time=50.0"
event_id,loss,loss_type,rup_id,year
0,2.74562E+02,structural,0,39
1,2.39891E+02,structural,0,29
2,2.84851E+02,structural,0,15
3,9.30530E+01,structural,1,43
