occupancy,business_interruption,contents,nonstructural,occupants,structural
Res,2.04287E+02,1.68193E+03,6.23491E+03,4.26783E-03,0.00000E+00
Com,2.15936E+01,5.15035E+02,7.53973E+02,4.61497E-04,0.00000E+00
