#,,,,,,,,,,,"generated_by='OpenQuake engine 3.12.0-git46607e9a50', start_date='2021-06-22T06:41:40', checksum=931855453, investigation_time=1.0, risk_investigation_time=50.0"
asset_id,cresta,occupancy,state,taxonomy,lon,lat,business_interruption,contents,nonstructural,occupants,structural
a3,0.21,Com,02,tax1,-122.57000,38.11300,2.15936E+01,5.15035E+02,7.53973E+02,4.61497E-04,0.00000E+00
a2,0.12,Res,01,tax2,-122.11400,38.11300,3.22368E+01,1.76873E+02,3.04345E+02,7.43892E-04,0.00000E+00
a5,0.23,Res,02,tax1,-122.00000,37.91000,3.58535E+01,2.08989E+02,3.24641E+02,8.58148E-04,0.00000E+00
a4,0.22,Res,02,tax3,-122.00000,38.00000,3.73527E+01,5.36533E+02,4.54792E+03,7.46594E-04,0.00000E+00
a1,0.11,Res,01,tax1,-122.00000,38.11300,4.39455E+01,2.39031E+02,3.61229E+02,8.43629E-04,0.00000E+00
a6,0.31,Res,03,tax2,-122.00000,38.22500,2.35317E+01,3.46236E+02,4.35087E+02,4.66013E-04,0.00000E+00
a7,0.32,Res,03,tax1,-121.88600,38.11300,3.13671E+01,1.74267E+02,2.61694E+02,6.09558E-04,0.00000E+00
