#,,,"generated_by='OpenQuake engine 3.12.0-git4bb66c4a29', start_date='2021-09-01T06:27:57', checksum=3590982611, risk_investigation_time=50.0, num_events=42, effective_time=1000.0, limit_states='LS1 LS2'"
return_period,conseq_value,conseq_type,loss_type
50,2.35340E+02,losses,structural
100,2.43929E+04,losses,structural
200,6.38974E+04,losses,structural
500,7.24520E+04,losses,structural
1000,7.24520E+04,losses,structural
