#,,,,,,,,,,,,,,,,,,,,,,,,,,,,,,,,,,,,,,,,,,,,,,,"generated_by='OpenQuake engine 3.12.0-git3af94eda3a', start_date='2021-05-19T07:50:55', checksum=2939666645, kind='mean', investigation_time=1.0, imt='SA(0.2)'"
lon,lat,depth,poe-0.0050000,poe-0.0057376,poe-0.0065840,poe-0.0075552,poe-0.0086698,poe-0.0099487,poe-0.0114163,poe-0.0131004,poe-0.0150330,poe-0.0172506,poe-0.0197953,poe-0.0227155,poe-0.0260664,poe-0.0299117,poe-0.0343242,poe-0.0393876,poe-0.0451980,poe-0.0518655,poe-0.0595165,poe-0.0682963,poe-0.0783711,poe-0.0899323,poe-0.1031988,poe-0.1184225,poe-0.1358919,poe-0.1559383,poe-0.1789419,poe-0.2053390,poe-0.2356300,poe-0.2703896,poe-0.3102768,poe-0.3560480,poe-0.4085713,poe-0.4688427,poe-0.5380052,poe-0.6173704,poe-0.7084434,poe-0.8129511,poe-0.9328756,poe-1.0704911,poe-1.2284072,poe-1.4096188,poe-1.6175622,poe-1.8561809,poe-2.1300000
1.00000,0.10000,0.00000,3.989106E-02,3.989106E-02,3.989106E-02,3.989106E-02,3.989106E-02,3.989106E-02,3.989106E-02,3.989097E-02,3.988920E-02,3.988241E-02,3.986493E-02,3.982728E-02,3.975382E-02,3.961631E-02,3.938143E-02,3.900603E-02,3.843834E-02,3.761699E-02,3.647831E-02,3.496548E-02,3.303925E-02,3.068902E-02,2.794175E-02,2.486611E-02,2.156991E-02,1.818997E-02,1.487588E-02,1.177046E-02,8.991262E-03,6.617027E-03,4.681869E-03,3.177650E-03,2.062976E-03,1.275859E-03,7.471806E-04,4.101027E-04,2.067146E-04,9.150411E-05,3.183865E-05,7.587209E-06,5.634712E-07,0.000000E+00,0.000000E+00,0.000000E+00,0.000000E+00
